

  .-_'''-.                ,---.    ,---.   ____   .-------.
 '_( )_   \               |    \  /    | .'  __ `.\  _(`)_ \
|(_ o _)|  '              |  ,  \/  ,  |/   '  \  \ (_ o._)|
. (_,_)/___|   _ _    _ _ |  |\_   /|  ||___|  /  |  (_,_) /
|  |  .-----. ( ' )--( ' )|  _( )_/ |  |   _.-`   |   '-.-'
'  \  '-   .'(_{;}_)(_{;}_) (_ o _) |  |.'   _    |   |
 \  `-'`   |  (_,_)--(_,_)|  (_,_)  |  ||  _( )_  |   |
  \        /              |  |      |  |\ (_ o _) /   )
   `'-...-'               '--'      '--' '.(_,_).'`---'

Parsed GMAP parameters at: 0-00:00:00.711
Added all maps at: 0-00:00:01.030

-----------
Influencers
-----------


Residue names included in influencers:
CL, GLU, TRP, VAL, THR, MET, SOL, CYS, ASP, GLY, GLN, LEU, HIS, ALA, ILE, ARG,
SER, PRO, ASN, PHE, TYR, LYS

Residue names NOT included in influencers:

Atoms included in influencers:
0-33875

Atoms NOT included in influencers:

Initialized MD system at: 0-00:00:14.393
Initialization complete at: 0-00:00:14.396
Starting on frames at: 0-00:00:14.406
Starting on frame - starting updates at: 0-00:00:14.454
positions: at: 0-00:00:14.457
positions_c: at: 0-00:00:14.462
box: at: 0-00:00:14.464
COM: at: 0-00:00:14.467
COM_c: at: 0-00:00:25.284
done system updates. next: osc updates at: 0-00:00:25.287
updates done. next: initialize at: 0-00:00:26.065
initialize done. next: map init at: 0-00:00:26.068
map init done. next: calculation at: 0-00:00:26.071
calculation done. next: map final at: 0-00:00:26.971
map final done. next: write output at: 0-00:00:26.973
Starting on frame - starting updates at: 0-00:00:26.990
positions: at: 0-00:00:26.993
positions_c: at: 0-00:00:26.996
box: at: 0-00:00:27.000
COM: at: 0-00:00:27.003
COM_c: at: 0-00:00:27.012
done system updates. next: osc updates at: 0-00:00:27.036
updates done. next: initialize at: 0-00:00:27.053
initialize done. next: map init at: 0-00:00:27.057
map init done. next: calculation at: 0-00:00:27.059
calculation done. next: map final at: 0-00:00:27.263
map final done. next: write output at: 0-00:00:27.266
Starting on frame - starting updates at: 0-00:00:27.285
