
# support files location

source_directory[path_dir_sd]                ../sourcefiles
default_parameter_filename[path_rel_sd]      [N/A]

log_directory[path_dir_lg]                   [N/A]
log_filename[path_rel_lg]                    log.log

map_directory[list_path_dir_mp]              ../../maps

verbose[int]                                 0 1 [2] 3 4


