
# support files location

source_directory(sd)[path_dir_sd]                ../sourcefiles
default_parameter_filename(dpf)[path_rel_sd_e]      [N/A]

log_directory[path_dir_lg]                   [N/A]
log_filename[path_rel_lg_c]                    log.log

map_directory(md)[list_path_dir_mp]              ../maps

verbose[int]                                 0 1 [2] 3 4


